// Validating benchmarks:
// ***** BenchmarkRunner: Start   *****
// ***** Found 2 benchmark(s) in total *****
// ***** Building 1 exe(s) in Parallel: Start   *****
// start dotnet  restore /p:UseSharedCompilation=false /p:BuildInParallel=false /m:1 /p:Deterministic=true /p:Optimize=true in /app/bin/Release/net8.0/4e19d4f2-7069-4b59-8e4f-5e3497ce7feb
// command took 2.73 sec and exited with 0
// start dotnet  build -c Release --no-restore /p:UseSharedCompilation=false /p:BuildInParallel=false /m:1 /p:Deterministic=true /p:Optimize=true in /app/bin/Release/net8.0/4e19d4f2-7069-4b59-8e4f-5e3497ce7feb
// command took 7.01 sec and exited with 0
// ***** Done, took 00:00:10 (10.2 sec)   *****
// Found 2 benchmarks:
//   SelectManyBenchmark.LinqSelectMany: DefaultJob
//   SelectManyBenchmark.ManualLoop: DefaultJob

// **************************
// Benchmark: SelectManyBenchmark.LinqSelectMany: DefaultJob
// *** Execute ***
// Launch: 1 / 1
// Execute: dotnet 4e19d4f2-7069-4b59-8e4f-5e3497ce7feb.dll --anonymousPipes 105 106 --benchmarkName SelectManyBenchmark.LinqSelectMany --job Default --benchmarkId 0 in /app/bin/Release/net8.0/4e19d4f2-7069-4b59-8e4f-5e3497ce7feb/bin/Release/net8.0
// Failed to set up high priority (Permission denied). In order to run benchmarks with high priority, make sure you have the right permissions.
// BeforeAnythingElse

// Benchmark Process Environment Information:
// BenchmarkDotNet v0.13.12
// Runtime=.NET 8.0.24 (8.0.2426.7010), X64 RyuJIT AVX2
// GC=Concurrent Workstation
// HardwareIntrinsics=AVX2,AES,BMI1,BMI2,FMA,LZCNT,PCLMUL,POPCNT VectorSize=256
// Job: DefaultJob

OverheadJitting  1: 1 op, 494334.00 ns, 494.3340 us/op
WorkloadJitting  1: 1 op, 1835115.00 ns, 1.8351 ms/op

OverheadJitting  2: 16 op, 879008.00 ns, 54.9380 us/op
WorkloadJitting  2: 16 op, 1242001.00 ns, 77.6251 us/op

WorkloadPilot    1: 16 op, 218102.00 ns, 13.6314 us/op
WorkloadPilot    2: 32 op, 631110.00 ns, 19.7222 us/op
WorkloadPilot    3: 64 op, 1140478.00 ns, 17.8200 us/op
WorkloadPilot    4: 128 op, 2325507.00 ns, 18.1680 us/op
WorkloadPilot    5: 256 op, 4452198.00 ns, 17.3914 us/op
WorkloadPilot    6: 512 op, 8804619.00 ns, 17.1965 us/op
WorkloadPilot    7: 1024 op, 17529975.00 ns, 17.1191 us/op
WorkloadPilot    8: 2048 op, 76347782.00 ns, 37.2792 us/op
WorkloadPilot    9: 4096 op, 51126462.00 ns, 12.4820 us/op
WorkloadPilot   10: 8192 op, 40454536.00 ns, 4.9383 us/op
WorkloadPilot   11: 16384 op, 78659045.00 ns, 4.8010 us/op
WorkloadPilot   12: 32768 op, 147922511.00 ns, 4.5142 us/op
WorkloadPilot   13: 65536 op, 296727865.00 ns, 4.5277 us/op
WorkloadPilot   14: 131072 op, 602909434.00 ns, 4.5998 us/op

OverheadWarmup   1: 131072 op, 860919.00 ns, 6.5683 ns/op
OverheadWarmup   2: 131072 op, 875694.00 ns, 6.6810 ns/op
OverheadWarmup   3: 131072 op, 826631.00 ns, 6.3067 ns/op
OverheadWarmup   4: 131072 op, 855743.00 ns, 6.5288 ns/op
OverheadWarmup   5: 131072 op, 813658.00 ns, 6.2077 ns/op

OverheadActual   1: 131072 op, 820858.00 ns, 6.2626 ns/op
OverheadActual   2: 131072 op, 844712.00 ns, 6.4446 ns/op
OverheadActual   3: 131072 op, 854702.00 ns, 6.5209 ns/op
OverheadActual   4: 131072 op, 821745.00 ns, 6.2694 ns/op
OverheadActual   5: 131072 op, 834365.00 ns, 6.3657 ns/op
OverheadActual   6: 131072 op, 832698.00 ns, 6.3530 ns/op
OverheadActual   7: 131072 op, 822921.00 ns, 6.2784 ns/op
OverheadActual   8: 131072 op, 822606.00 ns, 6.2760 ns/op
OverheadActual   9: 131072 op, 820460.00 ns, 6.2596 ns/op
OverheadActual  10: 131072 op, 832083.00 ns, 6.3483 ns/op
OverheadActual  11: 131072 op, 822391.00 ns, 6.2743 ns/op
OverheadActual  12: 131072 op, 821002.00 ns, 6.2637 ns/op
OverheadActual  13: 131072 op, 824468.00 ns, 6.2902 ns/op
OverheadActual  14: 131072 op, 833856.00 ns, 6.3618 ns/op
OverheadActual  15: 131072 op, 837566.00 ns, 6.3901 ns/op

WorkloadWarmup   1: 131072 op, 598383565.00 ns, 4.5653 us/op
WorkloadWarmup   2: 131072 op, 632081253.00 ns, 4.8224 us/op
WorkloadWarmup   3: 131072 op, 591850556.00 ns, 4.5155 us/op
WorkloadWarmup   4: 131072 op, 593565222.00 ns, 4.5285 us/op
WorkloadWarmup   5: 131072 op, 591412000.00 ns, 4.5121 us/op
WorkloadWarmup   6: 131072 op, 578464655.00 ns, 4.4133 us/op

// BeforeActualRun
WorkloadActual   1: 131072 op, 586388325.00 ns, 4.4738 us/op
WorkloadActual   2: 131072 op, 579558038.00 ns, 4.4217 us/op
WorkloadActual   3: 131072 op, 588031804.00 ns, 4.4863 us/op
WorkloadActual   4: 131072 op, 576301412.00 ns, 4.3968 us/op
WorkloadActual   5: 131072 op, 582522855.00 ns, 4.4443 us/op
WorkloadActual   6: 131072 op, 617607709.00 ns, 4.7120 us/op
WorkloadActual   7: 131072 op, 596487122.00 ns, 4.5508 us/op
WorkloadActual   8: 131072 op, 586879262.00 ns, 4.4775 us/op
WorkloadActual   9: 131072 op, 591580134.00 ns, 4.5134 us/op
WorkloadActual  10: 131072 op, 588961042.00 ns, 4.4934 us/op
WorkloadActual  11: 131072 op, 588600100.00 ns, 4.4907 us/op
WorkloadActual  12: 131072 op, 578214602.00 ns, 4.4114 us/op
WorkloadActual  13: 131072 op, 587469118.00 ns, 4.4820 us/op
WorkloadActual  14: 131072 op, 589961771.00 ns, 4.5011 us/op
WorkloadActual  15: 131072 op, 580631677.00 ns, 4.4299 us/op

// AfterActualRun
WorkloadResult   1: 131072 op, 585563857.00 ns, 4.4675 us/op
WorkloadResult   2: 131072 op, 578733570.00 ns, 4.4154 us/op
WorkloadResult   3: 131072 op, 587207336.00 ns, 4.4800 us/op
WorkloadResult   4: 131072 op, 575476944.00 ns, 4.3905 us/op
WorkloadResult   5: 131072 op, 581698387.00 ns, 4.4380 us/op
WorkloadResult   6: 131072 op, 595662654.00 ns, 4.5445 us/op
WorkloadResult   7: 131072 op, 586054794.00 ns, 4.4712 us/op
WorkloadResult   8: 131072 op, 590755666.00 ns, 4.5071 us/op
WorkloadResult   9: 131072 op, 588136574.00 ns, 4.4871 us/op
WorkloadResult  10: 131072 op, 587775632.00 ns, 4.4844 us/op
WorkloadResult  11: 131072 op, 577390134.00 ns, 4.4051 us/op
WorkloadResult  12: 131072 op, 586644650.00 ns, 4.4757 us/op
WorkloadResult  13: 131072 op, 589137303.00 ns, 4.4948 us/op
WorkloadResult  14: 131072 op, 579807209.00 ns, 4.4236 us/op
// GC:  58 1 0 1379926752 131072
// Threading:  0 0 131072

// AfterAll
// Benchmark Process 12500 has exited with code 0.

Mean = 4.463 μs, StdErr = 0.012 μs (0.26%), N = 14, StdDev = 0.043 μs
Min = 4.391 μs, Q1 = 4.427 μs, Median = 4.473 μs, Q3 = 4.486 μs, Max = 4.545 μs
IQR = 0.059 μs, LowerFence = 4.338 μs, UpperFence = 4.575 μs
ConfidenceInterval = [4.415 μs; 4.512 μs] (CI 99.9%), Margin = 0.049 μs (1.09% of Mean)
Skewness = -0.07, Kurtosis = 1.98, MValue = 2

// ** Remained 1 (50.0 %) benchmark(s) to run. Estimated finish 2026-09-29 17:32 (0h 0m from now) **
// **************************
// Benchmark: SelectManyBenchmark.ManualLoop: DefaultJob
// *** Execute ***
// Launch: 1 / 1
// Execute: dotnet 4e19d4f2-7069-4b59-8e4f-5e3497ce7feb.dll --anonymousPipes 107 108 --benchmarkName SelectManyBenchmark.ManualLoop --job Default --benchmarkId 1 in /app/bin/Release/net8.0/4e19d4f2-7069-4b59-8e4f-5e3497ce7feb/bin/Release/net8.0
// Failed to set up high priority (Permission denied). In order to run benchmarks with high priority, make sure you have the right permissions.
// BeforeAnythingElse

// Benchmark Process Environment Information:
// BenchmarkDotNet v0.13.12
// Runtime=.NET 8.0.24 (8.0.2426.7010), X64 RyuJIT AVX2
// GC=Concurrent Workstation
// HardwareIntrinsics=AVX2,AES,BMI1,BMI2,FMA,LZCNT,PCLMUL,POPCNT VectorSize=256
// Job: DefaultJob

OverheadJitting  1: 1 op, 507213.00 ns, 507.2130 us/op
WorkloadJitting  1: 1 op, 2825550.00 ns, 2.8255 ms/op

OverheadJitting  2: 16 op, 883483.00 ns, 55.2177 us/op
WorkloadJitting  2: 16 op, 1341821.00 ns, 83.8638 us/op

WorkloadPilot    1: 16 op, 254221.00 ns, 15.8888 us/op
WorkloadPilot    2: 32 op, 472455.00 ns, 14.7642 us/op
WorkloadPilot    3: 64 op, 1079689.00 ns, 16.8701 us/op
WorkloadPilot    4: 128 op, 1985975.00 ns, 15.5154 us/op
WorkloadPilot    5: 256 op, 3877852.00 ns, 15.1479 us/op
WorkloadPilot    6: 512 op, 7436911.00 ns, 14.5252 us/op
WorkloadPilot    7: 1024 op, 14523533.00 ns, 14.1831 us/op
WorkloadPilot    8: 2048 op, 28968749.00 ns, 14.1449 us/op
WorkloadPilot    9: 4096 op, 57769122.00 ns, 14.1038 us/op
WorkloadPilot   10: 8192 op, 49546088.00 ns, 6.0481 us/op
WorkloadPilot   11: 16384 op, 59971762.00 ns, 3.6604 us/op
WorkloadPilot   12: 32768 op, 114818394.00 ns, 3.5040 us/op
WorkloadPilot   13: 65536 op, 225685950.00 ns, 3.4437 us/op
WorkloadPilot   14: 131072 op, 443202400.00 ns, 3.3814 us/op
WorkloadPilot   15: 262144 op, 886588608.00 ns, 3.3821 us/op

OverheadWarmup   1: 262144 op, 1648883.00 ns, 6.2900 ns/op
OverheadWarmup   2: 262144 op, 1686071.00 ns, 6.4319 ns/op
OverheadWarmup   3: 262144 op, 1635461.00 ns, 6.2388 ns/op
OverheadWarmup   4: 262144 op, 1655117.00 ns, 6.3138 ns/op
OverheadWarmup   5: 262144 op, 1632766.00 ns, 6.2285 ns/op

OverheadActual   1: 262144 op, 1690732.00 ns, 6.4496 ns/op
OverheadActual   2: 262144 op, 1644563.00 ns, 6.2735 ns/op
OverheadActual   3: 262144 op, 1693133.00 ns, 6.4588 ns/op
OverheadActual   4: 262144 op, 1689893.00 ns, 6.4464 ns/op
OverheadActual   5: 262144 op, 1709570.00 ns, 6.5215 ns/op
OverheadActual   6: 262144 op, 1633806.00 ns, 6.2325 ns/op
OverheadActual   7: 262144 op, 1612504.00 ns, 6.1512 ns/op
OverheadActual   8: 262144 op, 1641283.00 ns, 6.2610 ns/op
OverheadActual   9: 262144 op, 1673096.00 ns, 6.3824 ns/op
OverheadActual  10: 262144 op, 1649730.00 ns, 6.2932 ns/op
OverheadActual  11: 262144 op, 1631672.00 ns, 6.2243 ns/op
OverheadActual  12: 262144 op, 1733906.00 ns, 6.6143 ns/op
OverheadActual  13: 262144 op, 1690223.00 ns, 6.4477 ns/op
OverheadActual  14: 262144 op, 1633841.00 ns, 6.2326 ns/op
OverheadActual  15: 262144 op, 1643560.00 ns, 6.2697 ns/op

WorkloadWarmup   1: 262144 op, 899570241.00 ns, 3.4316 us/op
WorkloadWarmup   2: 262144 op, 904511820.00 ns, 3.4504 us/op
WorkloadWarmup   3: 262144 op, 891364742.00 ns, 3.4003 us/op
WorkloadWarmup   4: 262144 op, 883737646.00 ns, 3.3712 us/op
WorkloadWarmup   5: 262144 op, 889968087.00 ns, 3.3950 us/op
WorkloadWarmup   6: 262144 op, 893297008.00 ns, 3.4077 us/op
WorkloadWarmup   7: 262144 op, 898853236.00 ns, 3.4289 us/op
WorkloadWarmup   8: 262144 op, 911932501.00 ns, 3.4787 us/op
WorkloadWarmup   9: 262144 op, 900040269.00 ns, 3.4334 us/op

// BeforeActualRun
WorkloadActual   1: 262144 op, 890895167.00 ns, 3.3985 us/op
WorkloadActual   2: 262144 op, 913558422.00 ns, 3.4849 us/op
WorkloadActual   3: 262144 op, 908361548.00 ns, 3.4651 us/op
WorkloadActual   4: 262144 op, 911873342.00 ns, 3.4785 us/op
WorkloadActual   5: 262144 op, 904028600.00 ns, 3.4486 us/op
WorkloadActual   6: 262144 op, 927859859.00 ns, 3.5395 us/op
WorkloadActual   7: 262144 op, 911874779.00 ns, 3.4785 us/op
WorkloadActual   8: 262144 op, 897485214.00 ns, 3.4236 us/op
WorkloadActual   9: 262144 op, 884321639.00 ns, 3.3734 us/op
WorkloadActual  10: 262144 op, 901455245.00 ns, 3.4388 us/op
WorkloadActual  11: 262144 op, 913726102.00 ns, 3.4856 us/op
WorkloadActual  12: 262144 op, 924502336.00 ns, 3.5267 us/op
WorkloadActual  13: 262144 op, 911317069.00 ns, 3.4764 us/op
WorkloadActual  14: 262144 op, 911182255.00 ns, 3.4759 us/op
WorkloadActual  15: 262144 op, 915474749.00 ns, 3.4923 us/op

// AfterActualRun
WorkloadResult   1: 262144 op, 889245437.00 ns, 3.3922 us/op
WorkloadResult   2: 262144 op, 911908692.00 ns, 3.4787 us/op
WorkloadResult   3: 262144 op, 906711818.00 ns, 3.4588 us/op
WorkloadResult   4: 262144 op, 910223612.00 ns, 3.4722 us/op
WorkloadResult   5: 262144 op, 902378870.00 ns, 3.4423 us/op
WorkloadResult   6: 262144 op, 926210129.00 ns, 3.5332 us/op
WorkloadResult   7: 262144 op, 910225049.00 ns, 3.4722 us/op
WorkloadResult   8: 262144 op, 895835484.00 ns, 3.4173 us/op
WorkloadResult   9: 262144 op, 882671909.00 ns, 3.3671 us/op
WorkloadResult  10: 262144 op, 899805515.00 ns, 3.4325 us/op
WorkloadResult  11: 262144 op, 912076372.00 ns, 3.4793 us/op
WorkloadResult  12: 262144 op, 922852606.00 ns, 3.5204 us/op
WorkloadResult  13: 262144 op, 909667339.00 ns, 3.4701 us/op
WorkloadResult  14: 262144 op, 909532525.00 ns, 3.4696 us/op
WorkloadResult  15: 262144 op, 913825019.00 ns, 3.4860 us/op
// GC:  45 0 0 1073742560 262144
// Threading:  0 0 262144

// AfterAll
// Benchmark Process 12514 has exited with code 0.

Mean = 3.459 μs, StdErr = 0.011 μs (0.33%), N = 15, StdDev = 0.044 μs
Min = 3.367 μs, Q1 = 3.437 μs, Median = 3.470 μs, Q3 = 3.479 μs, Max = 3.533 μs
IQR = 0.042 μs, LowerFence = 3.375 μs, UpperFence = 3.541 μs
ConfidenceInterval = [3.413 μs; 3.506 μs] (CI 99.9%), Margin = 0.047 μs (1.36% of Mean)
Skewness = -0.41, Kurtosis = 2.53, MValue = 2

// ** Remained 0 (0.0 %) benchmark(s) to run. Estimated finish 2026-09-29 17:32 (0h 0m from now) **
// ***** BenchmarkRunner: Finish  *****

// * Export *
  BenchmarkDotNet.Artifacts/results/SelectManyBenchmark-report.csv
  BenchmarkDotNet.Artifacts/results/SelectManyBenchmark-report-github.md
  BenchmarkDotNet.Artifacts/results/SelectManyBenchmark-report.html

// * Detailed results *
SelectManyBenchmark.LinqSelectMany: DefaultJob
Runtime = .NET 8.0.24 (8.0.2426.7010), X64 RyuJIT AVX2; GC = Concurrent Workstation
Mean = 4.463 μs, StdErr = 0.012 μs (0.26%), N = 14, StdDev = 0.043 μs
Min = 4.391 μs, Q1 = 4.427 μs, Median = 4.473 μs, Q3 = 4.486 μs, Max = 4.545 μs
IQR = 0.059 μs, LowerFence = 4.338 μs, UpperFence = 4.575 μs
ConfidenceInterval = [4.415 μs; 4.512 μs] (CI 99.9%), Margin = 0.049 μs (1.09% of Mean)
Skewness = -0.07, Kurtosis = 1.98, MValue = 2
-------------------- Histogram --------------------
[4.367 μs ; 4.568 μs) | @@@@@@@@@@@@@@
---------------------------------------------------

SelectManyBenchmark.ManualLoop: DefaultJob
Runtime = .NET 8.0.24 (8.0.2426.7010), X64 RyuJIT AVX2; GC = Concurrent Workstation
Mean = 3.459 μs, StdErr = 0.011 μs (0.33%), N = 15, StdDev = 0.044 μs
Min = 3.367 μs, Q1 = 3.437 μs, Median = 3.470 μs, Q3 = 3.479 μs, Max = 3.533 μs
IQR = 0.042 μs, LowerFence = 3.375 μs, UpperFence = 3.541 μs
ConfidenceInterval = [3.413 μs; 3.506 μs] (CI 99.9%), Margin = 0.047 μs (1.36% of Mean)
Skewness = -0.41, Kurtosis = 2.53, MValue = 2
-------------------- Histogram --------------------
[3.344 μs ; 3.413 μs) | @@
[3.413 μs ; 3.557 μs) | @@@@@@@@@@@@@
---------------------------------------------------

// * Summary *

BenchmarkDotNet v0.13.12, Ubuntu 24.04.4 LTS (Noble Numbat)
Intel Xeon Processor 2.30GHz, 1 CPU, 4 logical and 4 physical cores
.NET SDK 10.0.103
  [Host]     : .NET 8.0.24 (8.0.2426.7010), X64 RyuJIT AVX2
  DefaultJob : .NET 8.0.24 (8.0.2426.7010), X64 RyuJIT AVX2


| Method         | Mean     | Error     | StdDev    | Ratio | Gen0   | Gen1   | Allocated | Alloc Ratio |
|--------------- |---------:|----------:|----------:|------:|-------:|-------:|----------:|------------:|
| LinqSelectMany | 4.463 μs | 0.0487 μs | 0.0432 μs |  1.00 | 0.4425 | 0.0076 |  10.28 KB |        1.00 |
| ManualLoop     | 3.459 μs | 0.0470 μs | 0.0439 μs |  0.77 | 0.1717 |      - |      4 KB |        0.39 |

// * Hints *
Outliers
  SelectManyBenchmark.LinqSelectMany: Default -> 1 outlier  was  removed (4.71 μs)
  SelectManyBenchmark.ManualLoop: Default     -> 1 outlier  was  detected (3.37 μs)

// * Legends *
  Mean        : Arithmetic mean of all measurements
  Error       : Half of 99.9% confidence interval
  StdDev      : Standard deviation of all measurements
  Ratio       : Mean of the ratio distribution ([Current]/[Baseline])
  Gen0        : GC Generation 0 collects per 1000 operations
  Gen1        : GC Generation 1 collects per 1000 operations
  Allocated   : Allocated memory per single operation (managed only, inclusive, 1KB = 1024B)
  Alloc Ratio : Allocated memory ratio distribution ([Current]/[Baseline])
  1 μs        : 1 Microsecond (0.000001 sec)

// * Diagnostic Output - MemoryDiagnoser *


// ***** BenchmarkRunner: End *****
Run time: 00:00:39 (39.71 sec), executed benchmarks: 2

Global total time: 00:00:50 (50.18 sec), executed benchmarks: 2
// * Artifacts cleanup *
Artifacts cleanup is finished
